// Jest Snapshot v1, https://goo.gl/fbAQLP

exports[`Bereket info renders renders properly 1`] = `
"<v-card color=\\"white\\">
  <v-card-title class=\\"black--text\\">
    <h2>About me</h2>
  </v-card-title>
  <v-list-item class=\\"black--text\\">
    <v-list-item-content>
      <v-list-item-title>
        Bereket Heramo
      </v-list-item-title>
      <v-flex offset-md-4=\\"\\">
        <v-list-item-title class=\\"mt-1\\">
          Lorem ipsum dolor sit amet, consectetur adipiscing elit,<br>
          sed do eiusmod tempor incididunt ut labore et dolore magna aliqua
        </v-list-item-title>
      </v-flex>
      <v-list-item-title><img width=\\"150px\\" src=\\"../assets/bereket.jpg\\" class=\\"ml-3\\"></v-list-item-title>
    </v-list-item-content>
  </v-list-item>
</v-card>"
`;
