// Jest Snapshot v1, https://goo.gl/fbAQLP

exports[`LensaInfo renders properly and matchs snapshoot 1`] = `
"<v-row dense=\\"\\" no-gutters=\\"\\">
  <v-col cols=\\"12\\" sm=\\"6\\" md=\\"3\\">
    <v-card outlined=\\"\\" class=\\"white black--text pa-2\\">
      <v-avatar color=\\"grey\\" size=\\"250px\\" class=\\"profile\\"><img contain=\\"\\" src=\\"../assets/lensa.jpg\\" class=\\"fill-height bottom-gradient\\"></v-avatar>
    </v-card>
  </v-col>
  <v-col md=\\"8\\">
    <v-card outlined=\\"\\" class=\\"white black--text pa-2\\">
      <v-card-title class=\\"text-h5\\">
        Lensa Billion
      </v-card-title>
      <v-card-text class=\\"black--text\\">
        I am a third year Software Engineering student at AAiT. In my
        leisure I like to read biographical and philosophical novels. I
        also enjoy listening to music and eating. I am a great admirer
        of Ethiopian cultural dances. So much so I try to learn and
        perform these dances to the best of my abilities.
      </v-card-text>
    </v-card>
  </v-col>
</v-row>"
`;
